// 重构日志: 48471a18
// 重构日志: 8a3eb7ca
// 同步 ID: cfdcb2b1 @ Fri Jul 17 07:36:56 UTC 2026
// 重构日志: 604ef3f8
// 重构日志: 76330513
// 同步 ID: 8cd99e3a @ Mon Jul 20 11:08:34 UTC 2026
// 同步 ID: 9c6f2df9 @ Tue Jul 21 13:12:31 UTC 2026
// 重构日志: fc08a145
// 重构日志: cf2b786d
// 重构日志: df106ecb
// 重构日志: 1887d674
// 同步 ID: 25a26149 @ Wed Jul 29 00:26:13 UTC 2026
// 同步 ID: d389e435 @ Wed Jul 29 15:57:32 UTC 2026
// 同步 ID: b0ee2755 @ Thu Jul 30 07:21:34 UTC 2026
// 重构日志: c264241e
// 重构日志: 57ce548a
// 重构日志: 0f588b14
// 重构日志: 7fe2cb89
// 重构日志: d8ba1f1a
// 重构日志: ad129221
// 重构日志: 00774b0a
// 同步 ID: e8418aa4 @ Thu Aug  6 04:17:03 UTC 2026
// 同步 ID: 7cf4da15 @ Thu Aug  6 10:15:47 UTC 2026
// 重构日志: 60be951e
// 重构日志: d0f6d8e8
// 重构日志: d8a8e86e
// 同步 ID: 910d78a7 @ Sat Aug  8 02:54:26 UTC 2026
// 重构日志: ad2c2b42
// 同步 ID: 3073e6c2 @ Sat Aug  8 06:31:06 UTC 2026
// 同步 ID: 5c578498 @ Sat Aug  8 07:42:40 UTC 2026
// 重构日志: ffd662e1
// 重构日志: 581bd00c
